    hp@hp:~/Desktop/final-assessment$ git config --global user.name "arunsojan121"
hp@hp:~/Desktop/final-assessment$ git config --global user.name 
arunsojan121
hp@hp:~/Desktop/final-assessment$ git config --global user.email "arunsojan7@gmail.com" 
hp@hp:~/Desktop/final-assessment$ :~$ git config --global user.email 
arunsojan7@gmail.com
hp@hp:~/Desktop/final-assessment$ :~$ git init
Initialized empty Git repository in /home/hp/.git/
hp@hp:~/Desktop/final-assessment$ :~$ git clone https://github.com/arunsojan121/final-assessment.git
Cloning into 'final-assessment'...
remote: Enumerating objects: 108, done.
remote: Counting objects: 100% (108/108), done.
remote: Compressing objects: 100% (85/85), done.
remote: Total 108 (delta 22), reused 48 (delta 5), pack-reused 0
Receiving objects: 100% (108/108), 2.88 MiB | 2.15 MiB/s, done.
Resolving deltas: 100% (22/22), done.
hp@hp:~/Desktop/final-assessment$ :~$ git add LICENSE
fatal: pathspec 'LICENSE' did not match any files
hp@hp:~/Desktop/final-assessment$ :~$ git add .
hp@hp:~/Desktop/final-assessment$ :~$ git commit -m 'initial project version'
On branch master

Initial commit

Untracked files:
  (use "git add <file>..." to include in what will be committed)
	--detach
	--name
	.bash_history
	.bash_logout
	.bashrc
	.cache/
	.config/
	.docker/
	.gitconfig
	.gnupg/
	.kube/
	.local/
	.mozilla/
	.pki/
	.profile
	.python_history
	.python_history-05182.tmp
	.python_history-06777.tmp
	.sudo_as_admin_successful
	.thunderbird/
	.viminfo
	.vscode/
	.wget-hsts
	Assignment/
	Desktop/
	Downloads/
	Pictures/
	Zink/
	apple.sh
	args.sh
	array.sh
	arun_playbook/
	arunrole.yml
	arunrole/
	bash_alias
	demo.sh
	devops.txt
	final-assessment/
	first.sh
	for.sh
	fruit.sh
	funct1.sh
	function.sh
	helloscript.sh
	ifelse.sh
	input.sh
	install-tomcat/
	kk.txt
	kubectl-convert
	kubectl.sha256
	languages/
	linux.txt
	linux_tweet_app/
	multargumentfun.sh
	my.txt
	mycmd.sh
	mycommands.sh
	mycontent.txt
	myfilewithvars.sh
	myinfo.txt
	mytem/
	new.txt
	newfile
	nn/
	odd.sh
	oddeven.sh
	outputLS.txt
	outputfile.txt
	pro/
	prometheus-2.31.0.linux-amd64.tar.gz
	prometheus-2.32.1.linux-amd64.tar.gz
	prometheus-2.32.1.linux-amd64/
	prometheus.txt
	python.txt
	reading.sh
	roles/
	self.sh
	shellscript.txt
	shellscrpt.txt
	snap/
	start-tomcat/
	student.yml
	trainee.txt
	var.sh
	vardemo.sh
	vardemo1.sh
	while.sh

hp@hp:~/Desktop/final-assessment$ git init
Reinitialized existing Git repository in /home/hp/Desktop/final-assessment/.git/
hp@hp:~/Desktop/final-assessment$ git clone https://github.com/arunsojan121/final-assessment.git
fatal: destination path 'final-assessment' already exists and is not an empty directory.
hp@hp:~/Desktop/final-assessment$ git add git commands.txt
fatal: pathspec 'git' did not match any files
hp@hp:~/Desktop/final-assessment$ git add gitcommands.txt
hp@hp:~/Desktop/final-assessment$ git commit -m 'initial commit'
[main cb111dc] initial commit
 1 file changed, 119 insertions(+)
 create mode 100644 gitcommands.txt
hp@hp:~/Desktop/final-assessment$ git status
On branch main
Your branch is ahead of 'origin/main' by 21 commits.
  (use "git push" to publish your local commits)

Untracked files:
  (use "git add <file>..." to include in what will be committed)
        final-assessment/

nothing added to commit but untracked files present (use "git add" to track)
hp@hp:~/Desktop/final-assessment$ git help log
hp@hp:~/Desktop/final-assessment$ git diff --cached
hp@hp:~/Desktop/final-assessment$ git log
commit cb111dcf17f8748c12ef9078d18b4273fb6e7520 (HEAD -> main)
Author: arunsojan121 <arunsojan7@gmail.com>
Date:   Fri Jan 21 10:19:40 2022 +0530

    initial commit

commit d8c3002a85e11fa8681a9068f449d240d97044a2
Author: arunsojan121 <arunsojan7@gmail.com>
Date:   Thu Jan 20 18:03:30 2022 +0530

    initial commit

commit 2254bc596c70be58ccc66b431adc5bf16d837f60
Author: arunsojan121 <arunsojan7@gmail.com>
Date:   Thu Jan 20 17:45:33 2022 +0530

    initial commit

commit db10127a2184dcf0f8c30de187ffa07b26a8c87d
Author: arunsojan121 <arunsojan7@gmail.com>
Date:   Thu Jan 20 17:21:48 2022 +0530

[1]+  Stopped                 git log
hp@hp:~/Desktop/final-assessment$ git branch experimental
hp@hp:~/Desktop/final-assessment$ git branch
  experimental
* main
hp@hp:~/Desktop/final-assessment$ git switch experimental
Switched to branch 'experimental'
hp@hp:~/Desktop/final-assessment$ git commit -a
On branch experimental
Untracked files:
  (use "git add <file>..." to include in what will be committed)
        final-assessment/

nothing added to commit but untracked files present (use "git add" to track)
hp@hp:~/Desktop/final-assessment$ git switch master
fatal: invalid reference: master
hp@hp:~/Desktop/final-assessment$ git merge experimental
Already up to date.
hp@hp:~/Desktop/final-assessment$ git diff
hp@hp:~/Desktop/final-assessment$ git commit -a
On branch experimental
Untracked files:
  (use "git add <file>..." to include in what will be committed)
        final-assessment/

nothing added to commit but untracked files present (use "git add" to track)
hp@hp:~/Desktop/final-assessment$ gitk

Command 'gitk' not found, but can be installed with:

sudo apt install gitk

hp@hp:~/Desktop/final-assessment$ sudo apt install gitk
[sudo] password for hp: 
Reading package lists... Done
Building dependency tree       
Reading state information... Done
The following packages were automatically installed and are no longer required:
  docker-ce-rootless-extras docker-scan-plugin slirp4netns
Use 'sudo apt autoremove' to remove them.
The following additional packages will be installed:
  libtcl8.6 libtk8.6 tcl tcl8.6 tk tk8.6
Suggested packages:
  git-doc tcl-tclreadline
The following NEW packages will be installed:
  gitk libtcl8.6 libtk8.6 tcl tcl8.6 tk tk8.6
0 upgraded, 7 newly installed, 0 to remove and 84 not upgraded.
Need to get 1,793 kB of archives.
After this operation, 8,331 kB of additional disk space will be used.
Do you want to continue? [Y/n] y
Get:1 http://security.ubuntu.com/ubuntu focal-security/universe amd64 gitk all 1:2.25.1-1ubuntu3.2 [141 kB]
Get:2 http://archive.ubuntu.com/ubuntu focal/main amd64 libtcl8.6 amd64 8.6.10+dfsg-1 [902 kB]
Get:3 http://archive.ubuntu.com/ubuntu focal/main amd64 libtk8.6 amd64 8.6.10-1 [714 kB]
Get:4 http://archive.ubuntu.com/ubuntu focal/main amd64 tk8.6 amd64 8.6.10-1 [12.5 kB]
Get:5 http://archive.ubuntu.com/ubuntu focal/main amd64 tcl8.6 amd64 8.6.10+dfsg-1 [14.8 kB]
Get:6 http://archive.ubuntu.com/ubuntu focal/universe amd64 tcl amd64 8.6.9+1 [5,112 B]
Get:7 http://archive.ubuntu.com/ubuntu focal/universe amd64 tk amd64 8.6.9+1 [3,240 B]
Fetched 1,793 kB in 3s (579 kB/s)
Selecting previously unselected package libtcl8.6:amd64.
(Reading database ... 231664 files and directories currently installed.)
Preparing to unpack .../0-libtcl8.6_8.6.10+dfsg-1_amd64.deb ...
Unpacking libtcl8.6:amd64 (8.6.10+dfsg-1) ...
Selecting previously unselected package libtk8.6:amd64.
Preparing to unpack .../1-libtk8.6_8.6.10-1_amd64.deb ...
Unpacking libtk8.6:amd64 (8.6.10-1) ...
Selecting previously unselected package tk8.6.
Preparing to unpack .../2-tk8.6_8.6.10-1_amd64.deb ...
Unpacking tk8.6 (8.6.10-1) ...
Selecting previously unselected package tcl8.6.
Preparing to unpack .../3-tcl8.6_8.6.10+dfsg-1_amd64.deb ...
Unpacking tcl8.6 (8.6.10+dfsg-1) ...
Selecting previously unselected package tcl.
Preparing to unpack .../4-tcl_8.6.9+1_amd64.deb ...
Unpacking tcl (8.6.9+1) ...
Selecting previously unselected package tk.
Preparing to unpack .../5-tk_8.6.9+1_amd64.deb ...
Unpacking tk (8.6.9+1) ...
Selecting previously unselected package gitk.
Preparing to unpack .../6-gitk_1%3a2.25.1-1ubuntu3.2_all.deb ...
Unpacking gitk (1:2.25.1-1ubuntu3.2) ...
Setting up libtcl8.6:amd64 (8.6.10+dfsg-1) ...
Setting up tcl8.6 (8.6.10+dfsg-1) ...
Setting up libtk8.6:amd64 (8.6.10-1) ...
Setting up tcl (8.6.9+1) ...
Setting up tk8.6 (8.6.10-1) ...
Setting up tk (8.6.9+1) ...
Setting up gitk (1:2.25.1-1ubuntu3.2) ...
Processing triggers for man-db (2.9.1-1) ...
Processing triggers for libc-bin (2.31-0ubuntu9.2) ...
hp@hp:~/Desktop/final-assessment$ gitk
hp@hp:~/Desktop/final-assessment$ git branch -d experimental

